GAMS 27.1.0  r68fbe1a Released Apr 24, 2019 LEX-LEG x86 64bit/Linux                                                                                                                                                                    11/01/19 08:21:59 Page 1
ETHIOPIA PMP REGIONAL(GAMBELLA) MODEL OF AGRICULTURAL PRODUCTION
C o m p i l a t i o n


   2  * Ethiopia Agricultural Production Model
   3  * Kelly M. Cobourn and Zeya Zhang, October 2019
   4  * Virginia Tech
   5  * contact: kellyc13@vt.edu, zzeya7@vt.edu
   6   
   8  option limrow = 0;
   9  option limcol = 0;
  10  option nlp = CONOPT;
  11  option solprint = off;
  12   
  13  ***************************************************************************
  14  *********************  PART 1. SETS & PARAMETERS  *************************
  15  ***************************************************************************
  16   
  17  sets
  18  i        crop /maize,sorghum/
  19  l        inputs /land,fertilizer/
  20  calib    calibration data /xbar1,xbar2,ybar/
  21  econ     economic data /p,eta,c1,c2/
  22  cycles   cycles calibration data /ybarN/;
  23  alias (i,j);
  24   
  25  ********** CALIBRATION, ECONOMIC, AND CYCLES INPUT DATA FILES *************
  26  * Land use is for regional level in Ethiopia. The country is divided into
  27  * 10 provices and 65 sub-regions. Land use is from AGSS report for 2013-14.
  28  * Land areas are in ha. Fertilizer application level and yield level are
  29  * included calibdata. This one focus on Gambella region.
  30  table    calibdata(i,calib) observed land allocation
INCLUDE    /out/test-script/calibdata_Gam.csv
  33  ,xbar1,xbar2,ybar
  34  maize,4666.49,8,2165.87
  35  sorghum,2996.58,19,2358.53
  37  ;
  38   
  39  ** Link with CYCLES by extracting 3 variables: fertilizer applications (kg/ha),
  40  ** yield for each crop at that level of fertilizer applications (kg/ha), and
  41  ** the yield elasticity (sensitivity of crop yield to N fertilizer applications
  42  ** at the observed level of N fertilizer use.)
  43  table  cyclesdata(i,cycles) cycles output
INCLUDE    /out/test-script/cyclesdata_Gam.csv
  46  ,ybarN
  47  maize,0.25
  48  sorghum,0.11
  50  ;
  51   
  52  ** Economic input files include crop prices are from FAOSTAT and are
  53  ** converted into USD/kg. Supply elasticities are from the economic literature
  54  ** for similar countries or regions. Costs of production for land (c1) are in
  55  ** USD/ha; for N fertilizer (c2) in USD/kg. Inputs other than land and
  56  ** fertilizer are assumed to be used in fixed proportion to land and are
  57  ** included in c1.
  58  table    price(i,econ) price input data
INCLUDE    /out/test-script/price_Gam.csv
GAMS 27.1.0  r68fbe1a Released Apr 24, 2019 LEX-LEG x86 64bit/Linux                                                                                                                                                                    11/01/19 08:21:59 Page 2
ETHIOPIA PMP REGIONAL(GAMBELLA) MODEL OF AGRICULTURAL PRODUCTION
C o m p i l a t i o n


  61  ,p
  62  maize,0.26
  63  sorghum,0.24
  65  ;
  66   
  67  table    productioncost(i,econ) production cost of land and fertilizer input data
INCLUDE    /out/test-script/productioncost_Gam.csv
  70  ,c1,c2
  71  maize,383,2.5
  72  sorghum,350,2.7
  74  ;
  75   
  76  table    supplyelasticity(i,econ) supply elasticity by crop
  77                    eta
  78  maize            0.38
  79  sorghum          0.24;
  80   
  81  scalar
  82  b1               agricultural land base;
  83  b1 = sum(i, calibdata(i,'xbar1'));
  84   
  85  parameters
  86  qbar(i)          reference crop production
  87  b(i)             land relative to total production value;
  88  qbar(i) = calibdata(i,'xbar1')*calibdata(i,'ybar');
  89  calibdata(i,'xbar2') = calibdata(i,'xbar2')*calibdata(i,'xbar1');
  90  b(i) = sqr(calibdata(i,'xbar1'))/(price(i,'p')*qbar(i));
  91   
  92   
  93  ***************************************************************************
  94  **************  PART 2. PRODUCTION FUNCTION CALIBRATION  ******************
  95  ***************************************************************************
  96   
  97  ** Set elasticities of substitution between land and N for each crop.
  98  parameters
  99  sigma(i)         substitution elasticity by crop and technology
 100  rho(i)           production function elasticity parameter;
 101  sigma(i) = 0.5;
 102  rho(i) = (sigma(i) - 1)/sigma(i);
 103  display rho;
 104   
 105  ** Ensure that calibration criteria are satisfied. The first criterion
 106  ** requires that cc1 > 0 for all i. The second criterion requires that
 107  ** cc2 < 0 for all i.
 108  parameters
 109  cc1(i)           calibration criteria 1
 110  flag1(i)         flag violations of cc1
 111  psi(i)           term inside cc2
 112  cc2(i)           calibration criteria 2
 113  flag2(i)         flag violations of cc2;
 114   
 115  cc1(i) = supplyelasticity(i,'eta') - cyclesdata(i,'ybarN')/(1 - cyclesdata(i,'ybarN'));
 116  flag1(i) = 1$(cc1(i) lt 0);
GAMS 27.1.0  r68fbe1a Released Apr 24, 2019 LEX-LEG x86 64bit/Linux                                                                                                                                                                    11/01/19 08:21:59 Page 3
ETHIOPIA PMP REGIONAL(GAMBELLA) MODEL OF AGRICULTURAL PRODUCTION
C o m p i l a t i o n


 117  abort$(sum(i, flag1(i)) gt 0) "cc1 not satisfied";
 118   
 119  psi(i) = sigma(i)*cyclesdata(i,'ybarN')/(supplyelasticity(i,'eta')*(1
 120           - cyclesdata(i,'ybarN')));
 121  cc2(i) = b(i)*supplyelasticity(i,'eta')*(1 - psi(i)) - sum(j$(ord(j) ne ord(i)),
 122           b(j)*supplyelasticity(j,'eta')*sqr(1 + (1/supplyelasticity(j,'eta')))*(1 + psi(j)
 123           - cyclesdata(j,'ybarN')));
 124  flag2(i) = 1$(cc2(i) gt 0);
 125  abort$(sum(i,flag2(i)) gt 0) "cc2 not satisfied";
 126  display cc1, cc2;
 127   
 128  scalars
 129  term             indicator equal to card(i) when all deltas converge /0/
 130  toler            tolerance for convergence /0.001/;
 131   
 132  parameters
 133  delta0(i)        myopic CES production function parameter
 134  adj(i)           adjustment term using myopic delta
 135  error(i)         absolute value of change in delta
 136  converge(i)      indicator equal to one when delta converges;
 137  delta0(i) = supplyelasticity(i,'eta')/(1 + supplyelasticity(i,'eta'));
 138  adj(i) = 1 - (b(i)/(delta0(i)*(1-delta0(i))))/(sum(j,
 139           (b(j)/(delta0(j)*(1-delta0(j)))) +
 140           (sigma(j)*b(j)*cyclesdata(j,'ybarN')/(delta0(j)*(delta0(j)
 141           - cyclesdata(j,'ybarN'))))));
 142   
 143  variables
 144  delta(i)         production function homogeneity parameters
 145  beta(i,l)        production function share parameters
 146  dummy            dummy objective;
 147  positive variables delta,beta;
 148   
 149  equations
 150  etacal(i)        calibration to exogenous supply elasticity
 151  nresp(i)         calibration against agronomic yield response to N
 152  betas(i)         summation constraint for share parameters
 153  edummy           dummy objective function;
 154  etacal(i).. supplyelasticity(i,'eta') =e= (delta(i)/(1-delta(i)))*adj(i);
 155  Nresp(i).. cyclesdata(i,'ybarN')*((beta(i,'land')*(calibdata(i,'xbar1')**rho(i))) +
 156            (beta(i,'fertilizer')*(calibdata(i,'xbar2')**rho(i)))) =e=
 157            delta.l(i)*beta(i,'fertilizer')*(calibdata(i,'xbar2')**rho(i));
 158  betas(i).. sum(l, beta(i,l)) =e= 1;
 159  edummy.. dummy =e= 0;
 160   
 161  ** Solve supply elasticity system of equations.
 162  model selast /etacal,edummy/;
 163  while(term lt card(i),
 164  solve selast maximizing dummy using nlp;
 165  *Test for convergence in the deltas
 166           error(i) = abs(delta0(i) - delta.l(i));
 167           converge(i)$(error(i) lt toler) = 1;
 168           term = sum(i, converge(i));
 169  *Update values for delta in the adjustment term if convergence test fails
GAMS 27.1.0  r68fbe1a Released Apr 24, 2019 LEX-LEG x86 64bit/Linux                                                                                                                                                                    11/01/19 08:21:59 Page 4
ETHIOPIA PMP REGIONAL(GAMBELLA) MODEL OF AGRICULTURAL PRODUCTION
C o m p i l a t i o n


 170           delta0(i) = delta.l(i);
 171           adj(i) = 1 - (b(i)/(delta0(i)*(1-delta0(i))))/(sum(j,
 172                    (b(j)/(delta0(j)*(1-delta0(j)))) +
 173                    (sigma(j)*b(j)*cyclesdata(j,'ybarN')/(delta0(j)*(delta0(j)
 174                    - cyclesdata(j,'ybarN'))))));
 175  );
 176   
 177  ** Solve system of equations for share parameters.
 178  model nelast /Nresp,betas,edummy/;
 179  solve nelast maximizing dummy using nlp;
 180  display delta.l,beta.l;
 181   
 182  parameters
 183  mu(i)            scale parameters
 184  lbar1            initial shadow value of land
 185  lambda(i,l)      calibrated factor shadow values
 186  soccost(i,l)     social cost of inputs;
 187   
 188  mu(i) =  qbar(i)/((beta.l(i,'land')*(calibdata(i,'xbar1')**rho(i))) +
 189            (beta.l(i,'fertilizer')*calibdata(i,'xbar2')**rho(i)))**(delta.l(i)/rho(i));
 190  lbar1 = sum(i, (price(i,'p')*qbar(i)*(delta.l(i) - cyclesdata(i,'ybarN'))
 191          - productioncost(i,'c1')*calibdata(i,'xbar1'))*calibdata(i,'xbar1'))/sum(i, sqr(calibdata(i,'xbar1')));
 192  lambda(i,'land') = price(i,'p')*qbar(i)*(delta.l(i) - cyclesdata(i,'ybarN'))/calibdata(i,'xbar1')
 193               - (productioncost(i,'c1') + lbar1);
 194  lambda(i,'fertilizer') = price(i,'p')*qbar(i)*cyclesdata(i,'ybarN')/calibdata(i,'xbar2')
 195               - productioncost(i,'c2');
 196   
 197  display rho,delta.l,beta.l,mu,lbar1,lambda;
 198   
 199  ** Check that calibrated model reproduces observed land allocation, fertilizer
 200  ** applications, and production.
 201  parameters
 202  simprice(i,econ) price for simulation
 203  simproductioncost(i,econ) production costs for simulation;
 204  simprice(i,econ) = price(i,econ);
 205  simproductioncost(i,econ) = productioncost(i,econ);
 206   
 207  parameters
 208  simcost(i,l)     simulated cost of inputs;
 209  simcost(i,'land') = simproductioncost(i,'c1') + lbar1 + lambda(i,'land');
 210  simcost(i,'fertilizer') = simproductioncost(i,'c2') + lambda(i,'fertilizer');
 211   
 212  variables
 213  x(i,l)           simulated input use
 214  q(i)             simulated production
 215  qprofit(i)       quasi-profit function
 216  tprofit          total profit;
 217  positive variables x,q,qprofit;
 218   
 219  equations
 220  production(i)    production function
 221  quasiprofit(i)   quasi-profit function
 222  obj              objective function
GAMS 27.1.0  r68fbe1a Released Apr 24, 2019 LEX-LEG x86 64bit/Linux                                                                                                                                                                    11/01/19 08:21:59 Page 5
ETHIOPIA PMP REGIONAL(GAMBELLA) MODEL OF AGRICULTURAL PRODUCTION
C o m p i l a t i o n


 223  resconl          land constraint
 224  resconf          fertilizer constraint;
 225   
 226  production(i).. q(i) =e= mu(i)*(sum(l, beta.l(i,l)*x(i,l)**rho(i)))**(delta.l(i)/rho(i));
 227  quasiprofit(i).. qprofit(i) =e= simprice(i,'p')*q(i) - sum(l, simcost(i,l)*x(i,l));
 228  obj.. tprofit =e= sum(i, qprofit(i));
 229  resconl.. sum(i, x(i,'land')) =e= b1;
 230  resconf.. sum(i, x(i,'fertilizer')) =e= sum(i, calibdata(i,'xbar2'));
 231   
 232  x.lo(i,l) = 0.001;
 233   
 234  model profitmax /production,quasiprofit,obj,resconl,resconf/;
 235  solve profitmax maximizing tprofit using nlp;
 236   
 237  file     MINT_Ethiopia_Gambela_calibout /MINT_Ethiopia_Gambela_calibration_output.txt/;
 238  MINT_Ethiopia_Gambela_calibout.pc = 5;
 239  put      MINT_Ethiopia_Gambela_calibout;
 240  put      'year','region','crop',
 241           'cc1', 'cc2',
 242           'simulated land area (ha)', 'observed land area (ha)',
 243           'simulated N use (kg)', 'observed N use (kg)',
 244           'simulated production (kg)','observed production (kg)'/;
 245  loop(i, put '2014', 'gambella', i.tl,
 246           cc1(i), cc2(i),
 247           x.l(i,'land'), calibdata(i,'xbar1'),
 248           x.l(i,'fertilizer'), calibdata(i,'xbar2'),
 249           q.l(i), qbar(i)/);
 250   
 251   
 252  ***************************************************************************
 253  ****************  PART 3. CROP PRODUCTION SIMULATION  *********************
 254  ***************************************************************************
 255   
 256  ** Update price and production cost parameters for simulation
 257  table    simulationprice(i,econ) simulation price input data
INCLUDE    /out/test-script/simprice_Gam.csv
 260  ,p
 261  maize,0.26
 262  sorghum,0.24
 264  ;
 265   
 266  table    simulationproductioncost(i,econ) simulation production cost input data
INCLUDE    /out/test-script/simproductioncost_Gam.csv
 269  ,c1,c2
 270  maize,383.0,1.25
 271  sorghum,350.0,1.35
 273  ;
 274   
 275  simprice(i,econ) = simulationprice(i,econ);
 276  simproductioncost(i,econ) = simulationproductioncost(i,econ);
 277  simcost(i,'land') = simproductioncost(i,'c1') + lbar1 + lambda(i,'land');
 278  simcost(i,'fertilizer') = simproductioncost(i,'c2') + lambda(i,'fertilizer');
 279   
GAMS 27.1.0  r68fbe1a Released Apr 24, 2019 LEX-LEG x86 64bit/Linux                                                                                                                                                                    11/01/19 08:21:59 Page 6
ETHIOPIA PMP REGIONAL(GAMBELLA) MODEL OF AGRICULTURAL PRODUCTION
C o m p i l a t i o n


 280  ** Solve simulation problem
 281  solve profitmax maximizing tprofit using nlp;
 282   
 283  ** Generate and report post-optimal parameters
 284  parameters
 285  fertsubsidy(i)   fertilizer subsidy (%)
 286  landarea(i)      land allocation by crop (ha)
 287  simyield(i)      crop yield (kg per ha)
 288  Nuse(i)          N fertilizer use (kg)
 289  Nrate(i)         N fertilizer rate (kg per ha);
 290   
 291  fertsubsidy(i) = 100*(productioncost(i,'c2') - simproductioncost(i,'c2'))/productioncost(i,'c2');
 292  landarea(i) = x.l(i,'land');
 293  simyield(i) = q.l(i)/x.l(i,'land');
 294  Nuse(i) = x.l(i,'fertilizer');
 295  Nrate(i) = x.l(i,'fertilizer')/x.l(i,'land');
 296   
 297  file     MINT_Ethiopia_Gambela_simout /MINT_Ethiopia_Gambela_simulation_output.txt/;
 298  MINT_Ethiopia_Gambela_simout.pc = 5;
 299  put      MINT_Ethiopia_Gambela_simout;
 300  put      'year','region','crop','fert_subsidy (%)','land area (ha)',
 301           'production (kg)','yield (kg/ha)','Nuse (kg)','Nfert (kg/ha)'/;
 302  loop(i, put '2014', 'gambella', i.tl, fertsubsidy(i), landarea(i),
 303           q.l(i), simyield(i), Nuse(i), Nrate(i)/);
 304   
GAMS 27.1.0  r68fbe1a Released Apr 24, 2019 LEX-LEG x86 64bit/Linux                                                                                                                                                                    11/01/19 08:21:59 Page 7
ETHIOPIA PMP REGIONAL(GAMBELLA) MODEL OF AGRICULTURAL PRODUCTION
Include File Summary


   SEQ   GLOBAL TYPE      PARENT   LOCAL  FILENAME

     1        1 INPUT          0       0  /out/test-script/MINT_Ethiopia_Gambela.gms
     2       32 INCLUDE        1      32  ./out/test-script/calibdata_Gam.csv
     3       45 INCLUDE        1      42  ./out/test-script/cyclesdata_Gam.csv
     4       60 INCLUDE        1      54  ./out/test-script/price_Gam.csv
     5       69 INCLUDE        1      60  ./out/test-script/productioncost_Gam.csv
     6      259 INCLUDE        1     247  ./out/test-script/simprice_Gam.csv
     7      268 INCLUDE        1     253  ./out/test-script/simproductioncost_Gam.csv


COMPILATION TIME     =        0.029 SECONDS      3 MB  27.1.0 r68fbe1a LEX-LEG
GAMS 27.1.0  r68fbe1a Released Apr 24, 2019 LEX-LEG x86 64bit/Linux                                                                                                                                                                    11/01/19 08:21:59 Page 8
ETHIOPIA PMP REGIONAL(GAMBELLA) MODEL OF AGRICULTURAL PRODUCTION
E x e c u t i o n


----    103 PARAMETER rho  production function elasticity parameter

maize   -1.000,    sorghum -1.000


----    126 PARAMETER cc1  calibration criteria 1

maize   0.047,    sorghum 0.116


----    126 PARAMETER cc2  calibration criteria 2

maize   -37.151,    sorghum -48.419

GAMS 27.1.0  r68fbe1a Released Apr 24, 2019 LEX-LEG x86 64bit/Linux                                                                                                                                                                    11/01/19 08:21:59 Page 9
ETHIOPIA PMP REGIONAL(GAMBELLA) MODEL OF AGRICULTURAL PRODUCTION
Model Statistics    SOLVE selast Using NLP From line 164


LOOPS                            FOR/WHILE   1


MODEL STATISTICS

BLOCKS OF EQUATIONS           2     SINGLE EQUATIONS            3
BLOCKS OF VARIABLES           2     SINGLE VARIABLES            3
NON ZERO ELEMENTS             3     NON LINEAR N-Z              2
DERIVATIVE POOL              20     CONSTANT POOL              18
CODE LENGTH                  16


GENERATION TIME      =        0.038 SECONDS      4 MB  27.1.0 r68fbe1a LEX-LEG


EXECUTION TIME       =        0.038 SECONDS      4 MB  27.1.0 r68fbe1a LEX-LEG
               L O O P S          FOR/WHILE 1

GAMS 27.1.0  r68fbe1a Released Apr 24, 2019 LEX-LEG x86 64bit/Linux                                                                                                                                                                   11/01/19 08:21:59 Page 10
ETHIOPIA PMP REGIONAL(GAMBELLA) MODEL OF AGRICULTURAL PRODUCTION
Solution Report     SOLVE selast Using NLP From line 164


               S O L V E      S U M M A R Y

     MODEL   selast              OBJECTIVE  dummy
     TYPE    NLP                 DIRECTION  MAXIMIZE
     SOLVER  CONOPT              FROM LINE  164

**** SOLVER STATUS     1 Normal Completion         
**** MODEL STATUS      2 Locally Optimal           
**** OBJECTIVE VALUE                0.0000

 RESOURCE USAGE, LIMIT          0.001      1000.000
 ITERATION COUNT, LIMIT         4    2000000000
 EVALUATION ERRORS              0             0
CONOPT 3         27.1.0 r68fbe1a Released Apr 24, 2019 LEG x86 64bit/Linux    
 
 
    C O N O P T 3   version 3.17I
    Copyright (C)   ARKI Consulting and Development A/S
                    Bagsvaerdvej 246 A
                    DK-2880 Bagsvaerd, Denmark
 
 
                   Pre-triangular equations:   3
                   Post-triangular equations:  0
 
 
 ** Optimal solution. There are no superbasic variables.
 
 
 CONOPT time Total                            0.001 seconds
   of which: Function evaluations             0.000 =  0.0%
             1st Derivative evaluations       0.000 =  0.0%
 


**** REPORT SUMMARY :        0     NONOPT
                             0 INFEASIBLE
                             0  UNBOUNDED
                             0     ERRORS
GAMS 27.1.0  r68fbe1a Released Apr 24, 2019 LEX-LEG x86 64bit/Linux                                                                                                                                                                   11/01/19 08:21:59 Page 11
ETHIOPIA PMP REGIONAL(GAMBELLA) MODEL OF AGRICULTURAL PRODUCTION
Model Statistics    SOLVE selast Using NLP From line 164


LOOPS                            FOR/WHILE   2


MODEL STATISTICS

BLOCKS OF EQUATIONS           2     SINGLE EQUATIONS            3
BLOCKS OF VARIABLES           2     SINGLE VARIABLES            3
NON ZERO ELEMENTS             3     NON LINEAR N-Z              2
DERIVATIVE POOL              20     CONSTANT POOL              18
CODE LENGTH                  16


GENERATION TIME      =        0.032 SECONDS      3 MB  27.1.0 r68fbe1a LEX-LEG


EXECUTION TIME       =        0.036 SECONDS      3 MB  27.1.0 r68fbe1a LEX-LEG
               L O O P S          FOR/WHILE 2

GAMS 27.1.0  r68fbe1a Released Apr 24, 2019 LEX-LEG x86 64bit/Linux                                                                                                                                                                   11/01/19 08:21:59 Page 12
ETHIOPIA PMP REGIONAL(GAMBELLA) MODEL OF AGRICULTURAL PRODUCTION
Solution Report     SOLVE selast Using NLP From line 164


               S O L V E      S U M M A R Y

     MODEL   selast              OBJECTIVE  dummy
     TYPE    NLP                 DIRECTION  MAXIMIZE
     SOLVER  CONOPT              FROM LINE  164

**** SOLVER STATUS     1 Normal Completion         
**** MODEL STATUS      2 Locally Optimal           
**** OBJECTIVE VALUE                0.0000

 RESOURCE USAGE, LIMIT          0.001      1000.000
 ITERATION COUNT, LIMIT         4    2000000000
 EVALUATION ERRORS              0             0
CONOPT 3         27.1.0 r68fbe1a Released Apr 24, 2019 LEG x86 64bit/Linux    
 
 
    C O N O P T 3   version 3.17I
    Copyright (C)   ARKI Consulting and Development A/S
                    Bagsvaerdvej 246 A
                    DK-2880 Bagsvaerd, Denmark
 
 
                   Pre-triangular equations:   3
                   Post-triangular equations:  0
 
 
 ** Optimal solution. There are no superbasic variables.
 
 
 CONOPT time Total                            0.001 seconds
   of which: Function evaluations             0.000 =  0.0%
             1st Derivative evaluations       0.000 =  0.0%
 


**** REPORT SUMMARY :        0     NONOPT
                             0 INFEASIBLE
                             0  UNBOUNDED
                             0     ERRORS
GAMS 27.1.0  r68fbe1a Released Apr 24, 2019 LEX-LEG x86 64bit/Linux                                                                                                                                                                   11/01/19 08:21:59 Page 13
ETHIOPIA PMP REGIONAL(GAMBELLA) MODEL OF AGRICULTURAL PRODUCTION
Model Statistics    SOLVE selast Using NLP From line 164


LOOPS                            FOR/WHILE   3


MODEL STATISTICS

BLOCKS OF EQUATIONS           2     SINGLE EQUATIONS            3
BLOCKS OF VARIABLES           2     SINGLE VARIABLES            3
NON ZERO ELEMENTS             3     NON LINEAR N-Z              2
DERIVATIVE POOL              20     CONSTANT POOL              18
CODE LENGTH                  16


GENERATION TIME      =        0.036 SECONDS      3 MB  27.1.0 r68fbe1a LEX-LEG


EXECUTION TIME       =        0.040 SECONDS      3 MB  27.1.0 r68fbe1a LEX-LEG
               L O O P S          FOR/WHILE 3

GAMS 27.1.0  r68fbe1a Released Apr 24, 2019 LEX-LEG x86 64bit/Linux                                                                                                                                                                   11/01/19 08:21:59 Page 14
ETHIOPIA PMP REGIONAL(GAMBELLA) MODEL OF AGRICULTURAL PRODUCTION
Solution Report     SOLVE selast Using NLP From line 164


               S O L V E      S U M M A R Y

     MODEL   selast              OBJECTIVE  dummy
     TYPE    NLP                 DIRECTION  MAXIMIZE
     SOLVER  CONOPT              FROM LINE  164

**** SOLVER STATUS     1 Normal Completion         
**** MODEL STATUS      2 Locally Optimal           
**** OBJECTIVE VALUE                0.0000

 RESOURCE USAGE, LIMIT          0.001      1000.000
 ITERATION COUNT, LIMIT         4    2000000000
 EVALUATION ERRORS              0             0
CONOPT 3         27.1.0 r68fbe1a Released Apr 24, 2019 LEG x86 64bit/Linux    
 
 
    C O N O P T 3   version 3.17I
    Copyright (C)   ARKI Consulting and Development A/S
                    Bagsvaerdvej 246 A
                    DK-2880 Bagsvaerd, Denmark
 
 
                   Pre-triangular equations:   3
                   Post-triangular equations:  0
 
 
 ** Optimal solution. There are no superbasic variables.
 
 
 CONOPT time Total                            0.001 seconds
   of which: Function evaluations             0.000 =  0.0%
             1st Derivative evaluations       0.000 =  0.0%
 


**** REPORT SUMMARY :        0     NONOPT
                             0 INFEASIBLE
                             0  UNBOUNDED
                             0     ERRORS
GAMS 27.1.0  r68fbe1a Released Apr 24, 2019 LEX-LEG x86 64bit/Linux                                                                                                                                                                   11/01/19 08:21:59 Page 15
ETHIOPIA PMP REGIONAL(GAMBELLA) MODEL OF AGRICULTURAL PRODUCTION
Model Statistics    SOLVE selast Using NLP From line 164


LOOPS                            FOR/WHILE   4


MODEL STATISTICS

BLOCKS OF EQUATIONS           2     SINGLE EQUATIONS            3
BLOCKS OF VARIABLES           2     SINGLE VARIABLES            3
NON ZERO ELEMENTS             3     NON LINEAR N-Z              2
DERIVATIVE POOL              20     CONSTANT POOL              18
CODE LENGTH                  16


GENERATION TIME      =        0.033 SECONDS      3 MB  27.1.0 r68fbe1a LEX-LEG


EXECUTION TIME       =        0.037 SECONDS      3 MB  27.1.0 r68fbe1a LEX-LEG
               L O O P S          FOR/WHILE 4

GAMS 27.1.0  r68fbe1a Released Apr 24, 2019 LEX-LEG x86 64bit/Linux                                                                                                                                                                   11/01/19 08:21:59 Page 16
ETHIOPIA PMP REGIONAL(GAMBELLA) MODEL OF AGRICULTURAL PRODUCTION
Solution Report     SOLVE selast Using NLP From line 164


               S O L V E      S U M M A R Y

     MODEL   selast              OBJECTIVE  dummy
     TYPE    NLP                 DIRECTION  MAXIMIZE
     SOLVER  CONOPT              FROM LINE  164

**** SOLVER STATUS     1 Normal Completion         
**** MODEL STATUS      2 Locally Optimal           
**** OBJECTIVE VALUE                0.0000

 RESOURCE USAGE, LIMIT          0.001      1000.000
 ITERATION COUNT, LIMIT         4    2000000000
 EVALUATION ERRORS              0             0
CONOPT 3         27.1.0 r68fbe1a Released Apr 24, 2019 LEG x86 64bit/Linux    
 
 
    C O N O P T 3   version 3.17I
    Copyright (C)   ARKI Consulting and Development A/S
                    Bagsvaerdvej 246 A
                    DK-2880 Bagsvaerd, Denmark
 
 
                   Pre-triangular equations:   3
                   Post-triangular equations:  0
 
 
 ** Optimal solution. There are no superbasic variables.
 
 
 CONOPT time Total                            0.001 seconds
   of which: Function evaluations             0.000 =  0.0%
             1st Derivative evaluations       0.000 =  0.0%
 


**** REPORT SUMMARY :        0     NONOPT
                             0 INFEASIBLE
                             0  UNBOUNDED
                             0     ERRORS
GAMS 27.1.0  r68fbe1a Released Apr 24, 2019 LEX-LEG x86 64bit/Linux                                                                                                                                                                   11/01/19 08:21:59 Page 17
ETHIOPIA PMP REGIONAL(GAMBELLA) MODEL OF AGRICULTURAL PRODUCTION
Model Statistics    SOLVE selast Using NLP From line 164


LOOPS                            FOR/WHILE   5


MODEL STATISTICS

BLOCKS OF EQUATIONS           2     SINGLE EQUATIONS            3
BLOCKS OF VARIABLES           2     SINGLE VARIABLES            3
NON ZERO ELEMENTS             3     NON LINEAR N-Z              2
DERIVATIVE POOL              20     CONSTANT POOL              18
CODE LENGTH                  16


GENERATION TIME      =        0.032 SECONDS      3 MB  27.1.0 r68fbe1a LEX-LEG


EXECUTION TIME       =        0.035 SECONDS      3 MB  27.1.0 r68fbe1a LEX-LEG
               L O O P S          FOR/WHILE 5

GAMS 27.1.0  r68fbe1a Released Apr 24, 2019 LEX-LEG x86 64bit/Linux                                                                                                                                                                   11/01/19 08:21:59 Page 18
ETHIOPIA PMP REGIONAL(GAMBELLA) MODEL OF AGRICULTURAL PRODUCTION
Solution Report     SOLVE selast Using NLP From line 164


               S O L V E      S U M M A R Y

     MODEL   selast              OBJECTIVE  dummy
     TYPE    NLP                 DIRECTION  MAXIMIZE
     SOLVER  CONOPT              FROM LINE  164

**** SOLVER STATUS     1 Normal Completion         
**** MODEL STATUS      2 Locally Optimal           
**** OBJECTIVE VALUE                0.0000

 RESOURCE USAGE, LIMIT          0.001      1000.000
 ITERATION COUNT, LIMIT         4    2000000000
 EVALUATION ERRORS              0             0
CONOPT 3         27.1.0 r68fbe1a Released Apr 24, 2019 LEG x86 64bit/Linux    
 
 
    C O N O P T 3   version 3.17I
    Copyright (C)   ARKI Consulting and Development A/S
                    Bagsvaerdvej 246 A
                    DK-2880 Bagsvaerd, Denmark
 
 
                   Pre-triangular equations:   3
                   Post-triangular equations:  0
 
 
 ** Optimal solution. There are no superbasic variables.
 
 
 CONOPT time Total                            0.001 seconds
   of which: Function evaluations             0.000 =  0.0%
             1st Derivative evaluations       0.000 =  0.0%
 


**** REPORT SUMMARY :        0     NONOPT
                             0 INFEASIBLE
                             0  UNBOUNDED
                             0     ERRORS
GAMS 27.1.0  r68fbe1a Released Apr 24, 2019 LEX-LEG x86 64bit/Linux                                                                                                                                                                   11/01/19 08:21:59 Page 19
ETHIOPIA PMP REGIONAL(GAMBELLA) MODEL OF AGRICULTURAL PRODUCTION
Model Statistics    SOLVE selast Using NLP From line 164


LOOPS                            FOR/WHILE   6


MODEL STATISTICS

BLOCKS OF EQUATIONS           2     SINGLE EQUATIONS            3
BLOCKS OF VARIABLES           2     SINGLE VARIABLES            3
NON ZERO ELEMENTS             3     NON LINEAR N-Z              2
DERIVATIVE POOL              20     CONSTANT POOL              18
CODE LENGTH                  16


GENERATION TIME      =        0.032 SECONDS      3 MB  27.1.0 r68fbe1a LEX-LEG


EXECUTION TIME       =        0.037 SECONDS      3 MB  27.1.0 r68fbe1a LEX-LEG
               L O O P S          FOR/WHILE 6

GAMS 27.1.0  r68fbe1a Released Apr 24, 2019 LEX-LEG x86 64bit/Linux                                                                                                                                                                   11/01/19 08:21:59 Page 20
ETHIOPIA PMP REGIONAL(GAMBELLA) MODEL OF AGRICULTURAL PRODUCTION
Solution Report     SOLVE selast Using NLP From line 164


               S O L V E      S U M M A R Y

     MODEL   selast              OBJECTIVE  dummy
     TYPE    NLP                 DIRECTION  MAXIMIZE
     SOLVER  CONOPT              FROM LINE  164

**** SOLVER STATUS     1 Normal Completion         
**** MODEL STATUS      2 Locally Optimal           
**** OBJECTIVE VALUE                0.0000

 RESOURCE USAGE, LIMIT          0.001      1000.000
 ITERATION COUNT, LIMIT         4    2000000000
 EVALUATION ERRORS              0             0
CONOPT 3         27.1.0 r68fbe1a Released Apr 24, 2019 LEG x86 64bit/Linux    
 
 
    C O N O P T 3   version 3.17I
    Copyright (C)   ARKI Consulting and Development A/S
                    Bagsvaerdvej 246 A
                    DK-2880 Bagsvaerd, Denmark
 
 
                   Pre-triangular equations:   3
                   Post-triangular equations:  0
 
 
 ** Optimal solution. There are no superbasic variables.
 
 
 CONOPT time Total                            0.001 seconds
   of which: Function evaluations             0.000 =  0.0%
             1st Derivative evaluations       0.000 =  0.0%
 


**** REPORT SUMMARY :        0     NONOPT
                             0 INFEASIBLE
                             0  UNBOUNDED
                             0     ERRORS
GAMS 27.1.0  r68fbe1a Released Apr 24, 2019 LEX-LEG x86 64bit/Linux                                                                                                                                                                   11/01/19 08:21:59 Page 21
ETHIOPIA PMP REGIONAL(GAMBELLA) MODEL OF AGRICULTURAL PRODUCTION
Model Statistics    SOLVE selast Using NLP From line 164


LOOPS                            FOR/WHILE   7


MODEL STATISTICS

BLOCKS OF EQUATIONS           2     SINGLE EQUATIONS            3
BLOCKS OF VARIABLES           2     SINGLE VARIABLES            3
NON ZERO ELEMENTS             3     NON LINEAR N-Z              2
DERIVATIVE POOL              20     CONSTANT POOL              18
CODE LENGTH                  16


GENERATION TIME      =        0.032 SECONDS      3 MB  27.1.0 r68fbe1a LEX-LEG


EXECUTION TIME       =        0.037 SECONDS      3 MB  27.1.0 r68fbe1a LEX-LEG
               L O O P S          FOR/WHILE 7

GAMS 27.1.0  r68fbe1a Released Apr 24, 2019 LEX-LEG x86 64bit/Linux                                                                                                                                                                   11/01/19 08:21:59 Page 22
ETHIOPIA PMP REGIONAL(GAMBELLA) MODEL OF AGRICULTURAL PRODUCTION
Solution Report     SOLVE selast Using NLP From line 164


               S O L V E      S U M M A R Y

     MODEL   selast              OBJECTIVE  dummy
     TYPE    NLP                 DIRECTION  MAXIMIZE
     SOLVER  CONOPT              FROM LINE  164

**** SOLVER STATUS     1 Normal Completion         
**** MODEL STATUS      2 Locally Optimal           
**** OBJECTIVE VALUE                0.0000

 RESOURCE USAGE, LIMIT          0.002      1000.000
 ITERATION COUNT, LIMIT         4    2000000000
 EVALUATION ERRORS              0             0
CONOPT 3         27.1.0 r68fbe1a Released Apr 24, 2019 LEG x86 64bit/Linux    
 
 
    C O N O P T 3   version 3.17I
    Copyright (C)   ARKI Consulting and Development A/S
                    Bagsvaerdvej 246 A
                    DK-2880 Bagsvaerd, Denmark
 
 
                   Pre-triangular equations:   3
                   Post-triangular equations:  0
 
 
 ** Optimal solution. There are no superbasic variables.
 
 
 CONOPT time Total                            0.002 seconds
   of which: Function evaluations             0.000 =  0.0%
             1st Derivative evaluations       0.000 =  0.0%
 


**** REPORT SUMMARY :        0     NONOPT
                             0 INFEASIBLE
                             0  UNBOUNDED
                             0     ERRORS
GAMS 27.1.0  r68fbe1a Released Apr 24, 2019 LEX-LEG x86 64bit/Linux                                                                                                                                                                   11/01/19 08:21:59 Page 23
ETHIOPIA PMP REGIONAL(GAMBELLA) MODEL OF AGRICULTURAL PRODUCTION
Model Statistics    SOLVE nelast Using NLP From line 179


MODEL STATISTICS

BLOCKS OF EQUATIONS           3     SINGLE EQUATIONS            5
BLOCKS OF VARIABLES           2     SINGLE VARIABLES            5
NON ZERO ELEMENTS             9     NON LINEAR N-Z              0
DERIVATIVE POOL              20     CONSTANT POOL              16
CODE LENGTH                   0


GENERATION TIME      =        0.031 SECONDS      3 MB  27.1.0 r68fbe1a LEX-LEG


EXECUTION TIME       =        0.036 SECONDS      3 MB  27.1.0 r68fbe1a LEX-LEG
GAMS 27.1.0  r68fbe1a Released Apr 24, 2019 LEX-LEG x86 64bit/Linux                                                                                                                                                                   11/01/19 08:21:59 Page 24
ETHIOPIA PMP REGIONAL(GAMBELLA) MODEL OF AGRICULTURAL PRODUCTION
Solution Report     SOLVE nelast Using NLP From line 179


               S O L V E      S U M M A R Y

     MODEL   nelast              OBJECTIVE  dummy
     TYPE    NLP                 DIRECTION  MAXIMIZE
     SOLVER  CONOPT              FROM LINE  179

**** SOLVER STATUS     1 Normal Completion         
**** MODEL STATUS      1 Optimal                   
**** OBJECTIVE VALUE                0.0000

 RESOURCE USAGE, LIMIT          0.001      1000.000
 ITERATION COUNT, LIMIT         3    2000000000
 EVALUATION ERRORS              0             0
CONOPT 3         27.1.0 r68fbe1a Released Apr 24, 2019 LEG x86 64bit/Linux    
 
 
    C O N O P T 3   version 3.17I
    Copyright (C)   ARKI Consulting and Development A/S
                    Bagsvaerdvej 246 A
                    DK-2880 Bagsvaerd, Denmark
 
 
                   Pre-triangular equations:   1
                   Post-triangular equations:  0
 
 
 ** Optimal solution. There are no superbasic variables.
 
 
 CONOPT time Total                            0.001 seconds
   of which: Function evaluations             0.000 =  0.0%
             1st Derivative evaluations       0.000 =  0.0%
 


**** REPORT SUMMARY :        0     NONOPT
                             0 INFEASIBLE
                             0  UNBOUNDED
                             0     ERRORS
GAMS 27.1.0  r68fbe1a Released Apr 24, 2019 LEX-LEG x86 64bit/Linux                                                                                                                                                                   11/01/19 08:21:59 Page 25
ETHIOPIA PMP REGIONAL(GAMBELLA) MODEL OF AGRICULTURAL PRODUCTION
E x e c u t i o n


----    180 VARIABLE delta.L  production function homogeneity parameters

maize   0.382,    sorghum 0.256


----    180 VARIABLE beta.L  production function share parameters

               land  fertilizer

maize         0.062       0.938
sorghum       0.065       0.935


----    197 PARAMETER rho  production function elasticity parameter

maize   -1.000,    sorghum -1.000


----    197 VARIABLE delta.L  production function homogeneity parameters

maize   0.382,    sorghum 0.256


----    197 VARIABLE beta.L  production function share parameters

               land  fertilizer

maize         0.062       0.938
sorghum       0.065       0.935


----    197 PARAMETER mu  scale parameters

maize   208592.666,    sorghum 520874.189


----    197 PARAMETER lbar1                =     -296.688  initial shadow value of land

----    197 PARAMETER lambda  calibrated factor shadow values

               land  fertilizer

maize       -12.185      15.098
sorghum      29.550       0.577

GAMS 27.1.0  r68fbe1a Released Apr 24, 2019 LEX-LEG x86 64bit/Linux                                                                                                                                                                   11/01/19 08:21:59 Page 26
ETHIOPIA PMP REGIONAL(GAMBELLA) MODEL OF AGRICULTURAL PRODUCTION
Model Statistics    SOLVE profitmax Using NLP From line 235


MODEL STATISTICS

BLOCKS OF EQUATIONS           5     SINGLE EQUATIONS            7
BLOCKS OF VARIABLES           4     SINGLE VARIABLES            9  4 projected
NON ZERO ELEMENTS            21     NON LINEAR N-Z              4
DERIVATIVE POOL              20     CONSTANT POOL              25
CODE LENGTH                  28


GENERATION TIME      =        0.032 SECONDS      3 MB  27.1.0 r68fbe1a LEX-LEG


EXECUTION TIME       =        0.036 SECONDS      3 MB  27.1.0 r68fbe1a LEX-LEG
GAMS 27.1.0  r68fbe1a Released Apr 24, 2019 LEX-LEG x86 64bit/Linux                                                                                                                                                                   11/01/19 08:21:59 Page 27
ETHIOPIA PMP REGIONAL(GAMBELLA) MODEL OF AGRICULTURAL PRODUCTION
Solution Report     SOLVE profitmax Using NLP From line 235


               S O L V E      S U M M A R Y

     MODEL   profitmax           OBJECTIVE  tprofit
     TYPE    NLP                 DIRECTION  MAXIMIZE
     SOLVER  CONOPT              FROM LINE  235

**** SOLVER STATUS     1 Normal Completion         
**** MODEL STATUS      2 Locally Optimal           
**** OBJECTIVE VALUE          2886271.7298

 RESOURCE USAGE, LIMIT          0.009      1000.000
 ITERATION COUNT, LIMIT        42    2000000000
 EVALUATION ERRORS              0             0
CONOPT 3         27.1.0 r68fbe1a Released Apr 24, 2019 LEG x86 64bit/Linux    
 
 
    C O N O P T 3   version 3.17I
    Copyright (C)   ARKI Consulting and Development A/S
                    Bagsvaerdvej 246 A
                    DK-2880 Bagsvaerd, Denmark
 
 
    The model has 9 variables and 7 constraints
    with 21 Jacobian elements, 4 of which are nonlinear.
    The Hessian of the Lagrangian has 4 elements on the diagonal,
    2 elements below the diagonal, and 4 nonlinear variables.
 
                   Pre-triangular equations:   0
                   Post-triangular equations:  1
                   Definitional equations:     2
 
 
 ** Optimal solution. Reduced gradient less than tolerance.
 
 
 CONOPT time Total                            0.009 seconds
   of which: Function evaluations             0.005 = 55.6%
             1st Derivative evaluations       0.002 = 22.2%
             2nd Derivative evaluations       0.000 =  0.0%
             Directional 2nd Derivative       0.000 =  0.0%
 


**** REPORT SUMMARY :        0     NONOPT
                             0 INFEASIBLE
                             0  UNBOUNDED
                             0     ERRORS
GAMS 27.1.0  r68fbe1a Released Apr 24, 2019 LEX-LEG x86 64bit/Linux                                                                                                                                                                   11/01/19 08:21:59 Page 28
ETHIOPIA PMP REGIONAL(GAMBELLA) MODEL OF AGRICULTURAL PRODUCTION
Model Statistics    SOLVE profitmax Using NLP From line 281


MODEL STATISTICS

BLOCKS OF EQUATIONS           5     SINGLE EQUATIONS            7
BLOCKS OF VARIABLES           4     SINGLE VARIABLES            9
NON ZERO ELEMENTS            21     NON LINEAR N-Z              4
DERIVATIVE POOL              20     CONSTANT POOL              25
CODE LENGTH                  28


GENERATION TIME      =        0.032 SECONDS      3 MB  27.1.0 r68fbe1a LEX-LEG


EXECUTION TIME       =        0.036 SECONDS      3 MB  27.1.0 r68fbe1a LEX-LEG
GAMS 27.1.0  r68fbe1a Released Apr 24, 2019 LEX-LEG x86 64bit/Linux                                                                                                                                                                   11/01/19 08:21:59 Page 29
ETHIOPIA PMP REGIONAL(GAMBELLA) MODEL OF AGRICULTURAL PRODUCTION
Solution Report     SOLVE profitmax Using NLP From line 281


               S O L V E      S U M M A R Y

     MODEL   profitmax           OBJECTIVE  tprofit
     TYPE    NLP                 DIRECTION  MAXIMIZE
     SOLVER  CONOPT              FROM LINE  281

**** SOLVER STATUS     1 Normal Completion         
**** MODEL STATUS      2 Locally Optimal           
**** OBJECTIVE VALUE          3009809.1156

 RESOURCE USAGE, LIMIT          0.002      1000.000
 ITERATION COUNT, LIMIT        11    2000000000
 EVALUATION ERRORS              0             0
CONOPT 3         27.1.0 r68fbe1a Released Apr 24, 2019 LEG x86 64bit/Linux    
 
 
    C O N O P T 3   version 3.17I
    Copyright (C)   ARKI Consulting and Development A/S
                    Bagsvaerdvej 246 A
                    DK-2880 Bagsvaerd, Denmark
 
 
    The model has 9 variables and 7 constraints
    with 21 Jacobian elements, 4 of which are nonlinear.
    The Hessian of the Lagrangian has 4 elements on the diagonal,
    2 elements below the diagonal, and 4 nonlinear variables.
 
                   Pre-triangular equations:   0
                   Post-triangular equations:  1
                   Definitional equations:     2
 
 
 ** Optimal solution. Reduced gradient less than tolerance.
 
 
 CONOPT time Total                            0.002 seconds
   of which: Function evaluations             0.000 =  0.0%
             1st Derivative evaluations       0.000 =  0.0%
             Directional 2nd Derivative       0.001 = 50.0%
 


**** REPORT SUMMARY :        0     NONOPT
                             0 INFEASIBLE
                             0  UNBOUNDED
                             0     ERRORS
GAMS 27.1.0  r68fbe1a Released Apr 24, 2019 LEX-LEG x86 64bit/Linux                                                                                                                                                                   11/01/19 08:21:59 Page 30
ETHIOPIA PMP REGIONAL(GAMBELLA) MODEL OF AGRICULTURAL PRODUCTION
E x e c u t i o n


**** REPORT FILE SUMMARY

MINT_Ethiopia_Gambela_calibout /out/test-script/MINT_Ethiopia_Gambela_calibration_output.txt
MINT_Ethiopia_Gambela_simout /out/test-script/MINT_Ethiopia_Gambela_simulation_output.txt


EXECUTION TIME       =        0.020 SECONDS      3 MB  27.1.0 r68fbe1a LEX-LEG


USER: GAMS Development Corporation, USA              G871201/0000CA-ANY
      Free Demo, +1 202-342-0180, support@gams.com, www.gams.com DC0000


**** FILE SUMMARY

Input      /out/test-script/MINT_Ethiopia_Gambela.gms
Output     /out/test-script/MINT_Ethiopia_Gambela.lst
